
/home/runner/work/exp-critical-heat-flux-nitk/exp-critical-heat-flux-nitk/experiment/simulation/js/Input.js
   1:7   warning  'NumberInput' is defined but never used  no-unused-vars
  21:27  warning  'createInput' is not defined             no-undef
  32:31  warning  'createSlider' is not defined            no-undef
  55:13  warning  'position_graph1' is not defined         no-undef
  56:13  warning  'position_graph2' is not defined         no-undef
  71:9   warning  'push' is not defined                    no-undef
  73:9   warning  'fill' is not defined                    no-undef
  74:9   warning  'strokeWeight' is not defined            no-undef
  75:9   warning  'textFont' is not defined                no-undef
  76:9   warning  'textSize' is not defined                no-undef
  77:9   warning  'text' is not defined                    no-undef
  79:9   warning  'pop' is not defined                     no-undef

/home/runner/work/exp-critical-heat-flux-nitk/exp-critical-heat-flux-nitk/experiment/simulation/js/buttonIcon.js
   1:7  warning  'Button' is defined but never used  no-unused-vars
  18:9  warning  'image' is not defined              no-undef

/home/runner/work/exp-critical-heat-flux-nitk/exp-critical-heat-flux-nitk/experiment/simulation/js/dynamic_graphs.js
   1:7   warning  'DynamicGraph' is defined but never used  no-unused-vars
  30:25  warning  'map' is not defined                      no-undef
  32:21  warning  'map' is not defined                      no-undef
  32:46  warning  'spring1' is not defined                  no-undef
  34:20  warning  'max' is not defined                      no-undef
  48:9   warning  'push' is not defined                     no-undef
  52:13  warning  'beginShape' is not defined               no-undef
  53:13  warning  'stroke' is not defined                   no-undef
  54:13  warning  'strokeWeight' is not defined             no-undef
  55:13  warning  'noFill' is not defined                   no-undef
  58:21  warning  'vertex' is not defined                   no-undef
  61:13  warning  'endShape' is not defined                 no-undef
  64:9   warning  'stroke' is not defined                   no-undef
  65:9   warning  'strokeWeight' is not defined             no-undef
  66:9   warning  'line' is not defined                     no-undef
  67:9   warning  'line' is not defined                     no-undef
  68:9   warning  'strokeWeight' is not defined             no-undef
  69:9   warning  'fill' is not defined                     no-undef
  70:9   warning  'textSize' is not defined                 no-undef
  71:9   warning  'text' is not defined                     no-undef
  72:9   warning  'translate' is not defined                no-undef
  73:9   warning  'rotate' is not defined                   no-undef
  73:16  warning  'radians' is not defined                  no-undef
  74:9   warning  'text' is not defined                     no-undef
  75:9   warning  'pop' is not defined                      no-undef

/home/runner/work/exp-critical-heat-flux-nitk/exp-critical-heat-flux-nitk/experiment/simulation/js/event_handling.js
   1:10  warning  'handleEvents' is defined but never used  no-unused-vars
   4:7   warning  'button1' is not defined                  no-undef
   4:18  warning  'mouseX' is not defined                   no-undef
   4:26  warning  'mouseY' is not defined                   no-undef
   4:37  warning  'page1' is not defined                    no-undef
   5:9   warning  'animation' is not defined                no-undef
   6:7   warning  'noLoop' is not defined                   no-undef
   7:7   warning  'button1' is not defined                  no-undef
   7:22  warning  'play' is not defined                     no-undef
   8:7   warning  'button1' is not defined                  no-undef
   9:7   warning  'animation' is not defined                no-undef
  10:7   warning  'touch' is not defined                    no-undef
  12:7   warning  'loop' is not defined                     no-undef
  13:7   warning  'button1' is not defined                  no-undef
  13:22  warning  'pause' is not defined                    no-undef
  14:7   warning  'button1' is not defined                  no-undef
  15:7   warning  'animation' is not defined                no-undef
  16:7   warning  'touch' is not defined                    no-undef
  19:7   warning  'button2' is not defined                  no-undef
  19:18  warning  'mouseX' is not defined                   no-undef
  19:26  warning  'mouseY' is not defined                   no-undef
  19:37  warning  'page1' is not defined                    no-undef
  22:5   warning  'page1' is not defined                    no-undef
  23:5   warning  'page3' is not defined                    no-undef
  25:5   warning  'runPage3' is not defined                 no-undef
  27:7   warning  'button3' is not defined                  no-undef
  27:18  warning  'mouseX' is not defined                   no-undef
  27:26  warning  'mouseY' is not defined                   no-undef
  27:37  warning  'page3' is not defined                    no-undef
  30:5   warning  'page1' is not defined                    no-undef
  31:5   warning  'page3' is not defined                    no-undef
  32:5   warning  'runPage1' is not defined                 no-undef

/home/runner/work/exp-critical-heat-flux-nitk/exp-critical-heat-flux-nitk/experiment/simulation/js/graph.js
   1:7   warning  'Graph' is defined but never used            no-unused-vars
  24:9   warning  't' is not defined                           no-undef
  28:9   warning  'push' is not defined                        no-undef
  29:13  warning  'temp_y' is assigned a value but never used  no-unused-vars
  30:9   warning  'beginShape' is not defined                  no-undef
  31:9   warning  'stroke' is not defined                      no-undef
  32:9   warning  'strokeWeight' is not defined                no-undef
  33:9   warning  'noFill' is not defined                      no-undef
  35:13  warning  'tempy' is assigned a value but never used   no-unused-vars
  38:13  warning  'flag2' is assigned a value but never used   no-unused-vars
  41:13  warning  'abs' is not defined                         no-undef
  44:13  warning  'scale' is not defined                       no-undef
  47:9   warning  'vertex' is not defined                      no-undef
  52:13  warning  'vertex' is not defined                      no-undef
  57:6   warning  'endShape' is not defined                    no-undef
  59:9   warning  'stroke' is not defined                      no-undef
  60:9   warning  'strokeWeight' is not defined                no-undef
  63:9   warning  'line' is not defined                        no-undef
  64:9   warning  'line' is not defined                        no-undef
  65:9   warning  'line' is not defined                        no-undef
  66:9   warning  'fill' is not defined                        no-undef
  67:9   warning  'strokeWeight' is not defined                no-undef
  68:9   warning  'textSize' is not defined                    no-undef
  69:9   warning  'text' is not defined                        no-undef
  70:9   warning  'translate' is not defined                   no-undef
  71:9   warning  'rotate' is not defined                      no-undef
  71:16  warning  'radians' is not defined                     no-undef
  72:9   warning  'text' is not defined                        no-undef
  76:13  warning  'line' is not defined                        no-undef
  77:13  warning  'line' is not defined                        no-undef
  78:13  warning  'line' is not defined                        no-undef
  79:13  warning  'fill' is not defined                        no-undef
  80:13  warning  'strokeWeight' is not defined                no-undef
  81:13  warning  'textSize' is not defined                    no-undef
  82:13  warning  'text' is not defined                        no-undef
  83:13  warning  'translate' is not defined                   no-undef
  84:13  warning  'rotate' is not defined                      no-undef
  84:20  warning  'radians' is not defined                     no-undef
  85:13  warning  'text' is not defined                        no-undef
  88:9   warning  'fill' is not defined                        no-undef
  89:9   warning  'strokeWeight' is not defined                no-undef
  90:9   warning  'textSize' is not defined                    no-undef
  91:9   warning  'text' is not defined                        no-undef
  92:9   warning  'translate' is not defined                   no-undef
  93:9   warning  'rotate' is not defined                      no-undef
  93:16  warning  'radians' is not defined                     no-undef
  94:9   warning  'text' is not defined                        no-undef
  95:9   warning  'pop' is not defined                         no-undef

/home/runner/work/exp-critical-heat-flux-nitk/exp-critical-heat-flux-nitk/experiment/simulation/js/graph.ob.js
  1:745  warning  'b' is already defined  no-redeclare

/home/runner/work/exp-critical-heat-flux-nitk/exp-critical-heat-flux-nitk/experiment/simulation/js/graph_line_use.ob.js
  1:105  warning  'graphline' is defined but never used  no-unused-vars
  1:165  warning  'CanvasJS' is not defined              no-undef

/home/runner/work/exp-critical-heat-flux-nitk/exp-critical-heat-flux-nitk/experiment/simulation/js/graph_use.ob.js
  13:10  warning  'drawgraph' is defined but never used  no-unused-vars
  14:21  warning  'CanvasJS' is not defined              no-undef

/home/runner/work/exp-critical-heat-flux-nitk/exp-critical-heat-flux-nitk/experiment/simulation/js/graph_use2.ob.js
  12:10  warning  'drawgraph2' is defined but never used  no-unused-vars
  22:21  warning  'CanvasJS' is not defined               no-undef

/home/runner/work/exp-critical-heat-flux-nitk/exp-critical-heat-flux-nitk/experiment/simulation/js/jquery-3.6.0.js
     17:44  warning  'module' is not defined                                                    no-undef
     25:5   warning  'module' is not defined                                                    no-undef
    142:13  warning  'Symbol' is already defined as a built-in global variable                  no-redeclare
    717:22  warning  Unexpected control character(s) in regular expression: \x1f, \x1f          no-control-regex
    779:50  warning  Empty block statement                                                      no-empty
   2185:38  warning  Do not access Object.prototype method 'hasOwnProperty' from target object  no-prototype-builtins
   3205:16  warning  Unnecessary escape character: \/                                           no-useless-escape
   3507:52  warning  Empty block statement                                                      no-empty
   4584:21  warning  Empty block statement                                                      no-empty
   5051:28  warning  Unnecessary escape character: \/                                           no-useless-escape
   5268:19  warning  Empty block statement                                                      no-empty
   6564:25  warning  Empty block statement                                                      no-empty
   9171:17  warning  Empty block statement                                                      no-empty
   9819:28  warning  'urlAnchor.href' is assigned to itself                                     no-self-assign
  10269:17  warning  Empty block statement                                                      no-empty
  11162:39  warning  'define' is not defined                                                    no-undef
  11163:5   warning  'define' is not defined                                                    no-undef

/home/runner/work/exp-critical-heat-flux-nitk/exp-critical-heat-flux-nitk/experiment/simulation/js/jquery-ui.js
      9:39  warning  'define' is not defined                                      no-undef
     11:5   warning  'define' is not defined                                      no-undef
     14:13  warning  'jQuery' is not defined                                      no-undef
     21:7   warning  'version' is assigned a value but never used                 no-unused-vars
    797:7   warning  'widget' is assigned a value but never used                  no-unused-vars
    822:19  warning  Unnecessary escape character: \+                             no-useless-escape
    822:21  warning  Unnecessary escape character: \-                             no-useless-escape
   1365:7   warning  'position' is assigned a value but never used                no-unused-vars
   1381:7   warning  'data' is assigned a value but never used                    no-unused-vars
   1410:7   warning  'disableSelection' is assigned a value but never used        no-unused-vars
   1452:23  warning  Unnecessary escape character: \-                             no-useless-escape
   1462:39  warning  Unnecessary escape character: \%                             no-useless-escape
   1462:63  warning  Unnecessary escape character: \%                             no-useless-escape
   1462:87  warning  Unnecessary escape character: \%                             no-useless-escape
   1499:61  warning  Unnecessary escape character: \%                             no-useless-escape
   1499:85  warning  Unnecessary escape character: \%                             no-useless-escape
   2078:29  warning  Empty block statement                                        no-empty
   3120:63  warning  Empty block statement                                        no-empty
   3156:7   warning  'effectsEffectBlind' is assigned a value but never used      no-unused-vars
   3217:7   warning  'effectsEffectBounce' is assigned a value but never used     no-unused-vars
   3309:7   warning  'effectsEffectClip' is assigned a value but never used       no-unused-vars
   3360:7   warning  'effectsEffectDrop' is assigned a value but never used       no-unused-vars
   3418:7   warning  'effectsEffectExplode' is assigned a value but never used    no-unused-vars
   3523:7   warning  'effectsEffectFade' is assigned a value but never used       no-unused-vars
   3560:7   warning  'effectsEffectFold' is assigned a value but never used       no-unused-vars
   3639:7   warning  'effectsEffectHighlight' is assigned a value but never used  no-unused-vars
   3683:7   warning  'effectsEffectSize' is assigned a value but never used       no-unused-vars
   3884:7   warning  'effectsEffectScale' is assigned a value but never used      no-unused-vars
   3929:7   warning  'effectsEffectPuff' is assigned a value but never used       no-unused-vars
   3957:7   warning  'effectsEffectPulsate' is assigned a value but never used    no-unused-vars
   4007:7   warning  'effectsEffectShake' is assigned a value but never used      no-unused-vars
   4062:7   warning  'effectsEffectSlide' is assigned a value but never used      no-unused-vars
   4127:7   warning  'effect' is already defined                                  no-redeclare
   4133:7   warning  'effectsEffectTransfer' is assigned a value but never used   no-unused-vars
   4209:7   warning  'focusable' is assigned a value but never used               no-unused-vars
   4214:7   warning  'form' is assigned a value but never used                    no-unused-vars
   4234:7   warning  'formResetMixin' is assigned a value but never used          no-unused-vars
   4311:22  warning  Unexpected control character(s) in regular expression: \x1f  no-control-regex
   4369:7   warning  'keycode' is assigned a value but never used                 no-unused-vars
   4402:7   warning  'labels' is assigned a value but never used                  no-unused-vars
   4455:7   warning  'scrollParent' is assigned a value but never used            no-unused-vars
   4492:7   warning  'tabbable' is assigned a value but never used                no-unused-vars
   4516:7   warning  'uniqueId' is assigned a value but never used                no-unused-vars
   4558:7   warning  'widgetsAccordion' is assigned a value but never used        no-unused-vars
   5187:7   warning  'safeActiveElement' is assigned a value but never used       no-unused-vars
   5233:7   warning  'widgetsMenu' is assigned a value but never used             no-unused-vars
   5939:13  warning  Unnecessary escape character: \-                             no-useless-escape
   5939:15  warning  Unnecessary escape character: \[                             no-useless-escape
   5939:30  warning  Unnecessary escape character: \^                             no-useless-escape
   6581:30  warning  Unnecessary escape character: \-                             no-useless-escape
   6581:32  warning  Unnecessary escape character: \[                             no-useless-escape
   6581:47  warning  Unnecessary escape character: \^                             no-useless-escape
   6626:7   warning  'widgetsAutocomplete' is assigned a value but never used     no-unused-vars
   6648:7   warning  'widgetsControlgroup' is assigned a value but never used     no-unused-vars
   7239:7   warning  'widgetsCheckboxradio' is assigned a value but never used    no-unused-vars
   7686:7   warning  'widgetsButton' is assigned a value but never used           no-unused-vars
   7921:51  warning  Unnecessary escape character: \-                             no-useless-escape
   8620:23  warning  Empty block statement                                        no-empty
   9326:18  warning  Unexpected constant condition                                no-constant-condition
   9623:27  warning  Unnecessary escape character: \-                             no-useless-escape
  10293:40  warning  Unnecessary escape character: \-                             no-useless-escape
  10295:32  warning  Unnecessary escape character: \-                             no-useless-escape
  10435:35  warning  Unnecessary escape character: \-                             no-useless-escape
  10438:35  warning  Unnecessary escape character: \-                             no-useless-escape
  10603:7   warning  'widgetsDatepicker' is assigned a value but never used       no-unused-vars
  10606:7   warning  'ie' is assigned a value but never used                      no-unused-vars
  10627:7   warning  'widgetsMouse' is assigned a value but never used            no-unused-vars
  10835:7   warning  'plugin' is assigned a value but never used                  no-unused-vars
  10868:7   warning  'safeBlur' is assigned a value but never used                no-unused-vars
  12169:7   warning  'widgetsDraggable' is assigned a value but never used        no-unused-vars
  13428:7   warning  'widgetsResizable' is assigned a value but never used        no-unused-vars
  14383:7   warning  'widgetsDialog' is assigned a value but never used           no-unused-vars
  14902:7   warning  'widgetsDroppable' is assigned a value but never used        no-unused-vars
  14924:7   warning  'widgetsProgressbar' is assigned a value but never used      no-unused-vars
  15081:7   warning  'widgetsSelectable' is assigned a value but never used       no-unused-vars
  15399:7   warning  'widgetsSelectmenu' is assigned a value but never used       no-unused-vars
  16098:7   warning  'widgetsSlider' is assigned a value but never used           no-unused-vars
  16890:7   warning  'widgetsSortable' is assigned a value but never used         no-unused-vars
  17501:33  warning  Unnecessary escape character: \-                             no-useless-escape
  19078:15  warning  'Globalize' is not defined                                   no-undef
  19089:11  warning  'Globalize' is not defined                                   no-undef
  19209:7   warning  'widgetsSpinner' is assigned a value but never used          no-unused-vars
  19265:25  warning  Empty block statement                                        no-empty
  19268:25  warning  Empty block statement                                        no-empty
  19507:38  warning  Unnecessary escape character: \/                             no-useless-escape
  19507:47  warning  Unnecessary escape character: \[                             no-useless-escape
  19507:51  warning  Unnecessary escape character: \^                             no-useless-escape
  20132:7   warning  'widgetsTabs' is assigned a value but never used             no-unused-vars
  20643:7   warning  'widgetsTooltip' is assigned a value but never used          no-unused-vars

/home/runner/work/exp-critical-heat-flux-nitk/exp-critical-heat-flux-nitk/experiment/simulation/js/jquery.ui.touch-punch.js
  174:4  warning  'jQuery' is not defined  no-undef

/home/runner/work/exp-critical-heat-flux-nitk/exp-critical-heat-flux-nitk/experiment/simulation/js/jquery.ui.touch-punch.min.js
  81:4  warning  'jQuery' is not defined  no-undef

/home/runner/work/exp-critical-heat-flux-nitk/exp-critical-heat-flux-nitk/experiment/simulation/js/jquerymin.js
  2:71     warning  'module' is not defined                                                    no-undef
  2:86     warning  'module' is not defined                                                    no-undef
  2:863    warning  'b' is assigned a value but never used                                     no-unused-vars
  2:3050   warning  'r' is assigned a value but never used                                     no-unused-vars
  2:5376   warning  Unexpected control character(s) in regular expression: \x1f, \x1f          no-control-regex
  2:5847   warning  Expected a conditional expression and instead saw an assignment            no-cond-assign
  2:6101   warning  Expected a conditional expression and instead saw an assignment            no-cond-assign
  2:6532   warning  Expected a conditional expression and instead saw an assignment            no-cond-assign
  2:6758   warning  Empty block statement                                                      no-empty
  2:7320   warning  Expected a conditional expression and instead saw an assignment            no-cond-assign
  2:9378   warning  Expected a conditional expression and instead saw an assignment            no-cond-assign
  2:9688   warning  Expected a conditional expression and instead saw an assignment            no-cond-assign
  2:11489  warning  Expected a conditional expression and instead saw an assignment            no-cond-assign
  2:12064  warning  Expected a conditional expression and instead saw an assignment            no-cond-assign
  2:12102  warning  Expected a conditional expression and instead saw an assignment            no-cond-assign
  2:12520  warning  Empty block statement                                                      no-empty
  2:13134  warning  Expected a conditional expression and instead saw an assignment            no-cond-assign
  2:13446  warning  Expected a conditional expression and instead saw an assignment            no-cond-assign
  2:15271  warning  Expected a conditional expression and instead saw an assignment            no-cond-assign
  2:15542  warning  Expected a conditional expression and instead saw an assignment            no-cond-assign
  2:15740  warning  Expected a conditional expression and instead saw an assignment            no-cond-assign
  2:16114  warning  Do not access Object.prototype method 'hasOwnProperty' from target object  no-prototype-builtins
  2:16815  warning  Expected a conditional expression and instead saw an assignment            no-cond-assign
  2:19155  warning  Expected a conditional expression and instead saw an assignment            no-cond-assign
  2:19255  warning  Expected a conditional expression and instead saw an assignment            no-cond-assign
  2:19315  warning  Expected a conditional expression and instead saw an assignment            no-cond-assign
  2:20674  warning  Expected a conditional expression and instead saw an assignment            no-cond-assign
  2:21288  warning  Expected a conditional expression and instead saw an assignment            no-cond-assign
  2:21399  warning  Expected a conditional expression and instead saw an assignment            no-cond-assign
  2:23719  warning  Unnecessary escape character: \/                                           no-useless-escape
  2:33344  warning  Empty block statement                                                      no-empty
  2:37050  warning  Unnecessary escape character: \/                                           no-useless-escape
  2:38265  warning  Expected a conditional expression and instead saw an assignment            no-cond-assign
  2:38405  warning  Expected a conditional expression and instead saw an assignment            no-cond-assign
  2:39039  warning  Empty block statement                                                      no-empty
  2:45778  warning  Unnecessary escape character: \/                                           no-useless-escape
  2:48087  warning  Expected a conditional expression and instead saw an assignment            no-cond-assign
  2:49647  warning  Empty block statement                                                      no-empty
  2:57298  warning  Expected a conditional expression and instead saw an assignment            no-cond-assign
  2:59847  warning  Expected a conditional expression and instead saw an assignment            no-cond-assign
  2:64132  warning  Expected a conditional expression and instead saw an assignment            no-cond-assign
  2:65877  warning  Expected a conditional expression and instead saw an assignment            no-cond-assign
  2:65943  warning  Expected a conditional expression and instead saw an assignment            no-cond-assign
  2:66247  warning  Expected a conditional expression and instead saw an assignment            no-cond-assign
  2:66313  warning  Expected a conditional expression and instead saw an assignment            no-cond-assign
  2:66720  warning  Expected a conditional expression and instead saw an assignment            no-cond-assign
  2:66997  warning  Expected a conditional expression and instead saw an assignment            no-cond-assign
  2:72432  warning  Expected a conditional expression and instead saw an assignment            no-cond-assign
  2:74924  warning  Expected a conditional expression and instead saw an assignment            no-cond-assign
  2:75645  warning  'l.href' is assigned to itself                                             no-self-assign
  2:79204  warning  Empty block statement                                                      no-empty
  2:83243  warning  Expected a conditional expression and instead saw an assignment            no-cond-assign
  2:83243  warning  'l' is assigned a value but never used                                     no-unused-vars
  2:86651  warning  'define' is not defined                                                    no-undef
  2:86663  warning  'define' is not defined                                                    no-undef

/home/runner/work/exp-critical-heat-flux-nitk/exp-critical-heat-flux-nitk/experiment/simulation/js/p5.dom.js
    29:39  warning  'define' is not defined                          no-undef
    30:5   warning  'define' is not defined                          no-undef
    32:13  warning  'require' is not defined                         no-undef
   214:43  warning  'e' is defined but never used                    no-unused-vars
   289:39  warning  Invalid typeof comparison value                  valid-typeof
   579:20  warning  'i' is already defined                           no-redeclare
   674:13  warning  'ran' is assigned a value but never used         no-unused-vars
   692:18  warning  'i' is already defined                           no-redeclare
   707:18  warning  'i' is already defined                           no-redeclare
   796:7   warning  Move function declaration to function body root  no-inner-declarations
   803:11  warning  Move function declaration to function body root  no-inner-declarations
   810:12  warning  Unnecessary semicolon                            no-extra-semi
   838:9   warning  'src' is already defined                         no-redeclare
  1301:11  warning  'transform' is already defined                   no-redeclare
  1582:20  warning  'prop' is already defined                        no-redeclare

/home/runner/work/exp-critical-heat-flux-nitk/exp-critical-heat-flux-nitk/experiment/simulation/js/script.js
    4:7   warning  'vari1' is assigned a value but never used         no-unused-vars
    7:7   warning  'vfspinner' is assigned a value but never used     no-unused-vars
    8:7   warning  'temperature1' is assigned a value but never used  no-unused-vars
    9:7   warning  'temperature2' is assigned a value but never used  no-unused-vars
   10:7   warning  'temperature3' is assigned a value but never used  no-unused-vars
   11:7   warning  'temperature4' is assigned a value but never used  no-unused-vars
   12:7   warning  'temperature5' is assigned a value but never used  no-unused-vars
   13:7   warning  'btnCheck1' is assigned a value but never used     no-unused-vars
   14:7   warning  'btnCheck2' is assigned a value but never used     no-unused-vars
   35:5   warning  'v' is assigned a value but never used             no-unused-vars
   37:5   warning  'tbase' is assigned a value but never used         no-unused-vars
   39:5   warning  'peri' is assigned a value but never used          no-unused-vars
   40:5   warning  'a_c' is assigned a value but never used           no-unused-vars
   41:5   warning  'h_coeff' is assigned a value but never used       no-unused-vars
   42:5   warning  'k' is assigned a value but never used             no-unused-vars
   43:5   warning  'qfin' is assigned a value but never used          no-unused-vars
   44:5   warning  't_l2' is assigned a value but never used          no-unused-vars
   54:5   warning  'deltaT' is assigned a value but never used        no-unused-vars
   61:5   warning  'time' is assigned a value but never used          no-unused-vars
   63:5   warning  'time2' is assigned a value but never used         no-unused-vars
   69:5   warning  'qtemp' is assigned a value but never used         no-unused-vars
   71:5   warning  'th' is assigned a value but never used            no-unused-vars
   74:5   warning  'temp' is assigned a value but never used          no-unused-vars
   75:5   warning  'temp1' is assigned a value but never used         no-unused-vars
   78:10  warning  'displayDiv' is defined but never used             no-unused-vars
  105:7   warning  'validation' is not defined                        no-undef
  119:3   warning  '$' is not defined                                 no-undef
  120:3   warning  '$' is not defined                                 no-undef
  123:3   warning  '$' is not defined                                 no-undef
  124:3   warning  '$' is not defined                                 no-undef
  127:3   warning  '$' is not defined                                 no-undef
  128:3   warning  '$' is not defined                                 no-undef
  131:3   warning  '$' is not defined                                 no-undef
  132:3   warning  '$' is not defined                                 no-undef
  137:3   warning  '$' is not defined                                 no-undef
  138:3   warning  '$' is not defined                                 no-undef
  141:3   warning  '$' is not defined                                 no-undef
  142:5   warning  '$' is not defined                                 no-undef
  145:3   warning  '$' is not defined                                 no-undef
  146:5   warning  '$' is not defined                                 no-undef
  149:3   warning  '$' is not defined                                 no-undef
  152:3   warning  '$' is not defined                                 no-undef
  157:3   warning  '$' is not defined                                 no-undef
  158:3   warning  '$' is not defined                                 no-undef
  161:3   warning  '$' is not defined                                 no-undef
  162:5   warning  '$' is not defined                                 no-undef
  165:3   warning  '$' is not defined                                 no-undef
  166:5   warning  '$' is not defined                                 no-undef
  169:3   warning  '$' is not defined                                 no-undef
  172:3   warning  '$' is not defined                                 no-undef
  177:3   warning  '$' is not defined                                 no-undef
  178:3   warning  '$' is not defined                                 no-undef
  181:3   warning  '$' is not defined                                 no-undef
  182:5   warning  '$' is not defined                                 no-undef
  185:3   warning  '$' is not defined                                 no-undef
  186:5   warning  '$' is not defined                                 no-undef
  189:3   warning  '$' is not defined                                 no-undef
  192:3   warning  '$' is not defined                                 no-undef
  197:3   warning  '$' is not defined                                 no-undef
  198:3   warning  '$' is not defined                                 no-undef
  201:3   warning  '$' is not defined                                 no-undef
  202:5   warning  '$' is not defined                                 no-undef
  205:3   warning  '$' is not defined                                 no-undef
  206:5   warning  '$' is not defined                                 no-undef
  209:3   warning  '$' is not defined                                 no-undef
  212:3   warning  '$' is not defined                                 no-undef
  224:3   warning  '$' is not defined                                 no-undef
  224:36  warning  '$' is not defined                                 no-undef
  225:3   warning  '$' is not defined                                 no-undef
  225:34  warning  '$' is not defined                                 no-undef
  226:3   warning  '$' is not defined                                 no-undef
  226:33  warning  '$' is not defined                                 no-undef
  227:3   warning  '$' is not defined                                 no-undef
  227:33  warning  '$' is not defined                                 no-undef
  228:13  warning  '$' is not defined                                 no-undef
  231:13  warning  '$' is not defined                                 no-undef
  232:13  warning  '$' is not defined                                 no-undef
  233:9   warning  '$' is not defined                                 no-undef
  253:11  warning  'vf' is not defined                                no-undef
  267:10  warning  'simperiod' is defined but never used              no-unused-vars
  319:9   warning  'radius' is assigned a value but never used        no-unused-vars
  320:9   warning  'angle' is assigned a value but never used         no-unused-vars
  373:10  warning  'drawPan' is defined but never used                no-unused-vars
  379:8   warning  'i' is not defined                                 no-undef
  379:15  warning  'i' is not defined                                 no-undef
  379:24  warning  'i' is not defined                                 no-undef
  412:7   warning  'bodyWidth' is assigned a value but never used     no-unused-vars
  454:10  warning  'comment1' is defined but never used               no-unused-vars
  466:10  warning  'offset' is defined but never used                 no-unused-vars
  509:5   warning  '$' is not defined                                 no-undef
  523:5   warning  '$' is not defined                                 no-undef

/home/runner/work/exp-critical-heat-flux-nitk/exp-critical-heat-flux-nitk/experiment/simulation/js/sketch.js
    6:5   warning  't' is assigned a value but never used                no-unused-vars
    7:5   warning  'dt' is assigned a value but never used               no-unused-vars
   10:5   warning  'spring1' is assigned a value but never used          no-unused-vars
   11:5   warning  'spring2' is defined but never used                   no-unused-vars
   14:5   warning  'position_graph1' is assigned a value but never used  no-unused-vars
   15:5   warning  'position_graph2' is assigned a value but never used  no-unused-vars
   16:5   warning  'magFac' is defined but never used                    no-unused-vars
   18:5   warning  'k1' is assigned a value but never used               no-unused-vars
   19:5   warning  'k2' is assigned a value but never used               no-unused-vars
   20:5   warning  'm1' is assigned a value but never used               no-unused-vars
   21:5   warning  'm2' is assigned a value but never used               no-unused-vars
   22:5   warning  'w' is assigned a value but never used                no-unused-vars
   23:5   warning  'F0' is assigned a value but never used               no-unused-vars
   24:5   warning  'om1' is defined but never used                       no-unused-vars
   25:5   warning  'om2' is defined but never used                       no-unused-vars
   28:5   warning  'factor' is assigned a value but never used           no-unused-vars
   31:5   warning  'img' is defined but never used                       no-unused-vars
   32:5   warning  'button1' is assigned a value but never used          no-unused-vars
   33:5   warning  'button2' is assigned a value but never used          no-unused-vars
   34:5   warning  'button3' is assigned a value but never used          no-unused-vars
   35:5   warning  'button4' is assigned a value but never used          no-unused-vars
   36:5   warning  'button5' is assigned a value but never used          no-unused-vars
   37:5   warning  'spr' is assigned a value but never used              no-unused-vars
   41:5   warning  'page2' is assigned a value but never used            no-unused-vars
   45:5   warning  'animation' is assigned a value but never used        no-unused-vars
   46:5   warning  'touch' is assigned a value but never used            no-unused-vars
   49:5   warning  'clear' is defined but never used                     no-unused-vars
   51:5   warning  'buttonText' is assigned a value but never used       no-unused-vars
   52:5   warning  'buttonColor' is assigned a value but never used      no-unused-vars
   55:5   warning  'lerpedColor' is assigned a value but never used      no-unused-vars
   57:5   warning  'lerpingRate' is assigned a value but never used      no-unused-vars
   60:5   warning  'angle' is assigned a value but never used            no-unused-vars
   61:5   warning  'radius' is assigned a value but never used           no-unused-vars
   63:1   warning  'endColor' is assigned a value but never used         no-unused-vars
   64:1   warning  'currentColor' is assigned a value but never used     no-unused-vars
   65:1   warning  'increment' is not defined                            no-undef
   67:5   warning  'voltage' is assigned a value but never used          no-unused-vars
   68:5   warning  'current' is assigned a value but never used          no-unused-vars
   69:5   warning  'length' is assigned a value but never used           no-unused-vars
   70:5   warning  'diameter' is assigned a value but never used         no-unused-vars
   72:10  warning  'preload' is defined but never used                   no-unused-vars
   73:3   warning  'play' is not defined                                 no-undef
   73:10  warning  'loadImage' is not defined                            no-undef
   74:3   warning  'pause' is not defined                                no-undef
   74:11  warning  'loadImage' is not defined                            no-undef
   75:3   warning  'graph' is not defined                                no-undef
   75:11  warning  'loadImage' is not defined                            no-undef
   76:3   warning  'back' is not defined                                 no-undef
   76:10  warning  'loadImage' is not defined                            no-undef
   77:3   warning  'bg' is not defined                                   no-undef
   77:8   warning  'loadImage' is not defined                            no-undef
   78:9   warning  'loadImage' is not defined                            no-undef
   81:10  warning  'setup' is defined but never used                     no-unused-vars
   82:3   warning  'textFont' is not defined                             no-undef
   83:3   warning  'strokeWeight' is not defined                         no-undef
   85:3   warning  'createCanvas' is not defined                         no-undef
   86:3   warning  'bg' is not defined                                   no-undef
   88:17  warning  'System' is not defined                               no-undef
   91:25  warning  'Graph' is not defined                                no-undef
   93:25  warning  'Graph' is not defined                                no-undef
   95:3   warning  'position_graph3' is not defined                      no-undef
   95:25  warning  'Graph' is not defined                                no-undef
   97:3   warning  'magFac1' is not defined                              no-undef
   97:17  warning  'DynamicGraph' is not defined                         no-undef
  108:5   warning  'System' is not defined                               no-undef
  111:3   warning  'magFac2' is not defined                              no-undef
  111:17  warning  'DynamicGraph' is not defined                         no-undef
  122:5   warning  'System' is not defined                               no-undef
  125:3   warning  'magFac3' is not defined                              no-undef
  125:17  warning  'DynamicGraph' is not defined                         no-undef
  136:5   warning  'System' is not defined                               no-undef
  139:3   warning  'magFac4' is not defined                              no-undef
  139:17  warning  'DynamicGraph' is not defined                         no-undef
  150:5   warning  'System' is not defined                               no-undef
  158:12  warning  'NumberInput' is not defined                          no-undef
  159:11  warning  'NumberInput' is not defined                          no-undef
  160:3   warning  'mu' is not defined                                   no-undef
  160:12  warning  'NumberInput' is not defined                          no-undef
  163:12  warning  'NumberInput' is not defined                          no-undef
  174:12  warning  'NumberInput' is not defined                          no-undef
  185:12  warning  'NumberInput' is not defined                          no-undef
  196:12  warning  'NumberInput' is not defined                          no-undef
  209:17  warning  'NumberInput' is not defined                          no-undef
  220:17  warning  'NumberInput' is not defined                          no-undef
  231:18  warning  'NumberInput' is not defined                          no-undef
  242:16  warning  'NumberInput' is not defined                          no-undef
  254:17  warning  'Button' is not defined                               no-undef
  254:34  warning  'pause' is not defined                                no-undef
  255:17  warning  'Button' is not defined                               no-undef
  255:34  warning  'graph' is not defined                                no-undef
  256:17  warning  'Button' is not defined                               no-undef
  256:34  warning  'back' is not defined                                 no-undef
  257:17  warning  'Button' is not defined                               no-undef
  257:34  warning  'graph' is not defined                                no-undef
  258:17  warning  'Button' is not defined                               no-undef
  258:34  warning  'back' is not defined                                 no-undef
  261:5   warning  'bubbles' is assigned a value but never used          no-unused-vars
  263:10  warning  'draw' is defined but never used                      no-unused-vars
  265:5   warning  'runPage1' is not defined                             no-undef
  273:5   warning  'runPage3' is not defined                             no-undef
  277:10  warning  'mousePressed' is defined but never used              no-unused-vars
  279:3   warning  'handleEvents' is not defined                         no-undef
  280:3   warning  'strokeWeight' is not defined                         no-undef
  282:7   warning  'mouseX' is not defined                               no-undef
  282:23  warning  'mouseX' is not defined                               no-undef
  282:39  warning  'mouseY' is not defined                               no-undef
  282:55  warning  'mouseY' is not defined                               no-undef
  288:21  warning  'color' is not defined                                no-undef
  291:21  warning  'color' is not defined                                no-undef

/home/runner/work/exp-critical-heat-flux-nitk/exp-critical-heat-flux-nitk/experiment/simulation/js/system.js
    1:7   warning  'System' is defined but never used              no-unused-vars
   62:21  warning  'pow' is not defined                            no-undef
   63:19  warning  'pow' is not defined                            no-undef
   66:10  warning  't' is defined but never used                   no-unused-vars
   66:13  warning  '_mulfact' is defined but never used            no-unused-vars
   68:8   warning  '_stroke' is defined but never used             no-unused-vars
   68:17  warning  '_strockweight' is defined but never used       no-unused-vars
   68:32  warning  '_fill' is defined but never used               no-unused-vars
   69:5   warning  'push' is not defined                           no-undef
   72:5   warning  'fill' is not defined                           no-undef
   73:5   warning  'stroke' is not defined                         no-undef
   75:5   warning  'rect' is not defined                           no-undef
   77:5   warning  'fill' is not defined                           no-undef
   79:5   warning  'rect' is not defined                           no-undef
   81:5   warning  'stroke' is not defined                         no-undef
   82:5   warning  'strokeWeight' is not defined                   no-undef
   83:5   warning  'fill' is not defined                           no-undef
   87:5   warning  'rect' is not defined                           no-undef
   88:5   warning  'rect' is not defined                           no-undef
   94:7   warning  'line' is not defined                           no-undef
   95:7   warning  'line' is not defined                           no-undef
   98:5   warning  'fill' is not defined                           no-undef
  103:5   warning  'rect' is not defined                           no-undef
  104:5   warning  'rect' is not defined                           no-undef
  110:7   warning  'line' is not defined                           no-undef
  111:7   warning  'line' is not defined                           no-undef
  114:5   warning  'fill' is not defined                           no-undef
  118:5   warning  'line' is not defined                           no-undef
  120:5   warning  'line' is not defined                           no-undef
  121:5   warning  'line' is not defined                           no-undef
  122:5   warning  'line' is not defined                           no-undef
  123:5   warning  'line' is not defined                           no-undef
  124:5   warning  'fill' is not defined                           no-undef
  128:5   warning  'ellipse' is not defined                        no-undef
  130:5   warning  'line' is not defined                           no-undef
  131:5   warning  'line' is not defined                           no-undef
  132:5   warning  'line' is not defined                           no-undef
  133:5   warning  'line' is not defined                           no-undef
  134:5   warning  'line' is not defined                           no-undef
  135:5   warning  'line' is not defined                           no-undef
  136:5   warning  'line' is not defined                           no-undef
  137:5   warning  'line' is not defined                           no-undef
  139:5   warning  'fill' is not defined                           no-undef
  139:10  warning  'buttonColor' is not defined                    no-undef
  140:5   warning  'rect' is not defined                           no-undef
  142:9   warning  'buttonState' is not defined                    no-undef
  145:7   warning  'strokeWeight' is not defined                   no-undef
  146:7   warning  'stroke' is not defined                         no-undef
  147:7   warning  'fill' is not defined                           no-undef
  148:7   warning  'textSize' is not defined                       no-undef
  149:7   warning  'text' is not defined                           no-undef
  150:7   warning  'fill' is not defined                           no-undef
  151:7   warning  'rect' is not defined                           no-undef
  153:7   warning  'lerpedColor' is not defined                    no-undef
  155:7   warning  'strokeWeight' is not defined                   no-undef
  157:7   warning  'stroke' is not defined                         no-undef
  158:7   warning  'fill' is not defined                           no-undef
  159:7   warning  'textSize' is not defined                       no-undef
  160:7   warning  'text' is not defined                           no-undef
  161:7   warning  'fill' is not defined                           no-undef
  162:7   warning  'rect' is not defined                           no-undef
  164:9   warning  'fill' is not defined                           no-undef
  165:9   warning  'rect' is not defined                           no-undef
  180:17  warning  'width' is not defined                          no-undef
  180:29  warning  'cos' is not defined                            no-undef
  180:33  warning  'angle' is not defined                          no-undef
  180:42  warning  'radius' is not defined                         no-undef
  181:17  warning  'height' is not defined                         no-undef
  181:30  warning  'sin' is not defined                            no-undef
  181:34  warning  'angle' is not defined                          no-undef
  181:43  warning  'radius' is not defined                         no-undef
  184:40  warning  'angle' is not defined                          no-undef
  188:9   warning  'angle' is not defined                          no-undef
  194:7   warning  'push' is not defined                           no-undef
  195:7   warning  'translate' is not defined                      no-undef
  196:7   warning  'rotate' is not defined                         no-undef
  198:11  warning  'bodyWidth' is assigned a value but never used  no-unused-vars
  200:7   warning  'fill' is not defined                           no-undef
  201:7   warning  'rect' is not defined                           no-undef
  205:7   warning  'triangle' is not defined                       no-undef
  214:7   warning  'pop' is not defined                            no-undef
  217:15  warning  'random' is not defined                         no-undef
  218:15  warning  'random' is not defined                         no-undef
  219:20  warning  'random' is not defined                         no-undef
  220:20  warning  'random' is not defined                         no-undef
  230:7   warning  'noStroke' is not defined                       no-undef
  231:7   warning  'fill' is not defined                           no-undef
  232:7   warning  'ellipse' is not defined                        no-undef
  245:9   warning  'abs' is not defined                            no-undef
  246:14  warning  'abs' is not defined                            no-undef
  260:9   warning  'abs' is not defined                            no-undef
  261:14  warning  'abs' is not defined                            no-undef
  268:9   warning  'x' is assigned to itself                       no-self-assign
  274:9   warning  'abs' is not defined                            no-undef
  275:14  warning  'abs' is not defined                            no-undef
  288:9   warning  'abs' is not defined                            no-undef
  289:14  warning  'abs' is not defined                            no-undef

✖ 601 problems (0 errors, 601 warnings)
  0 errors and 1 warning potentially fixable with the `--fix` option.

